
> plotter@1.1.0 test
> node test-geom.js && node test-trace.js && node test-text.js && node test-core.js


primitives
  ok   circle perimeter 62.83
  ok   circle closed
  ok   rect perimeter 140
  ok   rounded rect bbox
  ok   polygon auto-closes
  ok   ellipse bbox 40x20

path commands
  ok   Z closes back to start
  ok   relative == absolute
  ok   implicit L after M
  ok   H/V
  ok   arc quarter length
  ok   arc endpoint
  ok   arc large+sweep0 length
  ok   S continuation ends at 60,0
  ok   T continuation ends at 40,0
  ok   cubic half-circle ~ pi*25

transforms
  ok   translate
  ok   scale
  ok   rotate 90
  ok   rotate about point
  ok   nested g compose
  ok   matrix

units + viewBox
  ok   viewBox scales to mm
  ok   bare px -> 25.4mm

visibility + layers
  ok   display:none skipped
  ok   style display none skipped
  ok   stroke:none still imported
  ok   two named layers in order

geometry ops
  ok   simplify drops collinear
  ok   merge joins 2 of 3
  ok   merge reverses to join
  ok   filterMin
  ok   sort picks nearest first
  ok   reloop seams near pen
  ok   reloop stays closed

all passed

greyscale and threshold
  ok   white paper reads 255
  ok   black ink reads 0
  ok   auto threshold between ink and paper
  ok   binarise marks only ink
  ok   channel order irrelevant for grey

morphology
  ok   erode 6x6 -> 4x4
  ok   dilate restores 6x6
  ok   erode removes a 1px line
  ok   dropSmall keeps the big blob
  ok   dropSmall reports what went
  ok   dropSmall clears the speck

thinning
  ok   5px bar thins to a single row
  ok   thinned bar keeps most of its length

vectorising
  ok   one line -> one path
  ok   traced length ~= drawn length
  ok   no fills when fills:false
  ok   cross covers both strokes
  ok   merge collapses the junction fragments
  ok   merge closes a small gap

fill detection
  ok   fill is detected
  ok   disc becomes outline not centreline
  ok   disc gets hatched
  ok   the thin line survives as centreline
  ok   fills:false leaves it all centreline
  ok   hatch:false outlines only
  ok   tiny core is rejected as a fill
  ok   and it is reported

scale independence
  ok   length in mm matches across resolution
  ok   simplify tolerance scales with resolution

svg output
  ok   declares mm size
  ok   height follows aspect
  ok   single layer
  ok   stroked not filled
  ok   round-trips through readSVG
  ok   geometry lands in mm space

big drawings
  ok   spread really does throw at this size
  ok   appendAll survives it
  ok   and appends every one
  ok   a heavily fragmented trace completes
  ok   and it is genuinely large
outline tracing
  ok   outline mode is reported
  ok   outline makes at least one loop
  ok   an outline loop is closed
  ok   solid region has 1 outline
  ok   region with a hole has 2 outlines

all passed

the catalogue
  ok   every catalogued font is bundled
  ok   all of them load and measure
  ok   covers printable ASCII

single stroke, not outline
  ok   EMSReadability: o is one stroke
  ok   HersheySans1: o is one stroke
  ok   EMSNixish: o is one stroke
  ok   i is two strokes (stem + dot)
  ok   space draws nothing
  ok   space still advances

metrics
  ok   cap height 10 gives a 10mm H
  ok   H sits ON the baseline
  ok   Y is down: cap top is above the baseline
  ok   width scales with size
  ok   wider text is wider
  ok   tracking adds between letters only
  ok   descenders go below the baseline

layout
  ok   centre straddles x
  ok   left starts at x, within a bearing
  ok   right ends at x, within a bearing
  ok   line pitch is honoured
  ok   two lines draw more than one
  ok   blank line leaves a gap
  ok   empty text draws nothing
  ok   whitespace-only draws nothing

measure agrees with layout
  ok   measured width matches
  ok   measured height matches
  ok   and says where it sits
  ok   descenders count toward the height
  ok   empty measures zero

plotter sanity
  ok   draws a sensible amount
  ok   no degenerate single-point paths
  ok   strokes survive a merge pass

composed onto a plot
  ok   text alone is a valid plot
  ok   and it is counted as text
  ok   Y is flipped into paper space
  ok   text adds to the artwork
  ok   and the estimate grows
  ok   off-sheet text overflows
  ok   centred text does not

all passed

== art-cake-outline.svg  (140 KB, 33 ms)
   doc 270.9 x 181.8 mm, layers: default:747
   raw paths 747 -> after merge/filter 747
   fitted 130.0 x 78.9 mm  scale 0.6643  rotated false  overflow false
   draw 5.24 m   travel 1.82 m   est 14m 24s
   gcode 11791 lines, 269 KB
   extent +/-65.00 x +/-39.46 mm  (limit 65.0 x 40.0)
   head:
     ; CR-6 SE pen plotter
     ; source: art-cake-outline.svg
     ; paper: 150 x 100 mm, margin 10 mm
     ; paths: 747
     ; estimate: 14m 24s
     ; origin is the sheet CENTRE
     G21
     G90

== art-calibration.svg  (21 KB, 3 ms)
   doc 215.0 x 215.0 mm, layers: 1:88
   raw paths 88 -> after merge/filter 71
   fitted 83.8 x 80.0 mm  scale 0.4255  rotated true  overflow false
   draw 1.50 m   travel 0.21 m   est 1m 42s
   gcode 625 lines, 13 KB
   extent +/-41.91 x +/-40.00 mm  (limit 65.0 x 40.0)
   head:
     ; CR-6 SE pen plotter
     ; source: art-calibration.svg
     ; paper: 150 x 100 mm, margin 10 mm
     ; paths: 71
     ; estimate: 1m 42s
     ; origin is the sheet CENTRE
     G21
     G90
